Archive member included to satisfy reference by file (symbol)

/home/vivek/stm32simplified/libopencm3/lib/libopencm3_stm32f1.a(gpio.o)
                              miniblink.o (gpio_set_mode)
/home/vivek/stm32simplified/libopencm3/lib/libopencm3_stm32f1.a(gpio_common_all.o)
                              miniblink.o (gpio_set)
/home/vivek/stm32simplified/libopencm3/lib/libopencm3_stm32f1.a(rcc_common_all.o)
                              miniblink.o (rcc_periph_clock_enable)
/home/vivek/stm32simplified/libopencm3/lib/libopencm3_stm32f1.a(vector.o)
                              (reset_handler)

Discarded input sections

 .text          0x0000000000000000        0x0 miniblink.o
 .data          0x0000000000000000        0x0 miniblink.o
 .bss           0x0000000000000000        0x0 miniblink.o
 .group         0x0000000000000000        0xc /home/vivek/stm32simplified/libopencm3/lib/libopencm3_stm32f1.a(gpio.o)
 .group         0x0000000000000000        0xc /home/vivek/stm32simplified/libopencm3/lib/libopencm3_stm32f1.a(gpio.o)
 .group         0x0000000000000000        0xc /home/vivek/stm32simplified/libopencm3/lib/libopencm3_stm32f1.a(gpio.o)
 .group         0x0000000000000000        0xc /home/vivek/stm32simplified/libopencm3/lib/libopencm3_stm32f1.a(gpio.o)
 .group         0x0000000000000000        0xc /home/vivek/stm32simplified/libopencm3/lib/libopencm3_stm32f1.a(gpio.o)
 .group         0x0000000000000000        0xc /home/vivek/stm32simplified/libopencm3/lib/libopencm3_stm32f1.a(gpio.o)
 .group         0x0000000000000000        0xc /home/vivek/stm32simplified/libopencm3/lib/libopencm3_stm32f1.a(gpio.o)
 .group         0x0000000000000000        0xc /home/vivek/stm32simplified/libopencm3/lib/libopencm3_stm32f1.a(gpio.o)
 .group         0x0000000000000000        0xc /home/vivek/stm32simplified/libopencm3/lib/libopencm3_stm32f1.a(gpio.o)
 .text          0x0000000000000000        0x0 /home/vivek/stm32simplified/libopencm3/lib/libopencm3_stm32f1.a(gpio.o)
 .data          0x0000000000000000        0x0 /home/vivek/stm32simplified/libopencm3/lib/libopencm3_stm32f1.a(gpio.o)
 .bss           0x0000000000000000        0x0 /home/vivek/stm32simplified/libopencm3/lib/libopencm3_stm32f1.a(gpio.o)
 .text.gpio_set_eventout
                0x0000000000000000       0x10 /home/vivek/stm32simplified/libopencm3/lib/libopencm3_stm32f1.a(gpio.o)
 .text.gpio_primary_remap
                0x0000000000000000       0x14 /home/vivek/stm32simplified/libopencm3/lib/libopencm3_stm32f1.a(gpio.o)
 .text.gpio_secondary_remap
                0x0000000000000000       0x10 /home/vivek/stm32simplified/libopencm3/lib/libopencm3_stm32f1.a(gpio.o)
 .group         0x0000000000000000        0xc /home/vivek/stm32simplified/libopencm3/lib/libopencm3_stm32f1.a(gpio_common_all.o)
 .group         0x0000000000000000        0xc /home/vivek/stm32simplified/libopencm3/lib/libopencm3_stm32f1.a(gpio_common_all.o)
 .group         0x0000000000000000        0xc /home/vivek/stm32simplified/libopencm3/lib/libopencm3_stm32f1.a(gpio_common_all.o)
 .group         0x0000000000000000        0xc /home/vivek/stm32simplified/libopencm3/lib/libopencm3_stm32f1.a(gpio_common_all.o)
 .group         0x0000000000000000        0xc /home/vivek/stm32simplified/libopencm3/lib/libopencm3_stm32f1.a(gpio_common_all.o)
 .group         0x0000000000000000        0xc /home/vivek/stm32simplified/libopencm3/lib/libopencm3_stm32f1.a(gpio_common_all.o)
 .group         0x0000000000000000        0xc /home/vivek/stm32simplified/libopencm3/lib/libopencm3_stm32f1.a(gpio_common_all.o)
 .group         0x0000000000000000        0xc /home/vivek/stm32simplified/libopencm3/lib/libopencm3_stm32f1.a(gpio_common_all.o)
 .group         0x0000000000000000        0xc /home/vivek/stm32simplified/libopencm3/lib/libopencm3_stm32f1.a(gpio_common_all.o)
 .text          0x0000000000000000        0x0 /home/vivek/stm32simplified/libopencm3/lib/libopencm3_stm32f1.a(gpio_common_all.o)
 .data          0x0000000000000000        0x0 /home/vivek/stm32simplified/libopencm3/lib/libopencm3_stm32f1.a(gpio_common_all.o)
 .bss           0x0000000000000000        0x0 /home/vivek/stm32simplified/libopencm3/lib/libopencm3_stm32f1.a(gpio_common_all.o)
 .text.gpio_get
                0x0000000000000000        0x6 /home/vivek/stm32simplified/libopencm3/lib/libopencm3_stm32f1.a(gpio_common_all.o)
 .text.gpio_toggle
                0x0000000000000000       0x12 /home/vivek/stm32simplified/libopencm3/lib/libopencm3_stm32f1.a(gpio_common_all.o)
 .text.gpio_port_read
                0x0000000000000000        0x6 /home/vivek/stm32simplified/libopencm3/lib/libopencm3_stm32f1.a(gpio_common_all.o)
 .text.gpio_port_write
                0x0000000000000000        0x4 /home/vivek/stm32simplified/libopencm3/lib/libopencm3_stm32f1.a(gpio_common_all.o)
 .text.gpio_port_config_lock
                0x0000000000000000       0x10 /home/vivek/stm32simplified/libopencm3/lib/libopencm3_stm32f1.a(gpio_common_all.o)
 .debug_macro   0x0000000000000000      0xa90 /home/vivek/stm32simplified/libopencm3/lib/libopencm3_stm32f1.a(gpio_common_all.o)
 .debug_macro   0x0000000000000000       0x1c /home/vivek/stm32simplified/libopencm3/lib/libopencm3_stm32f1.a(gpio_common_all.o)
 .debug_macro   0x0000000000000000      0x34e /home/vivek/stm32simplified/libopencm3/lib/libopencm3_stm32f1.a(gpio_common_all.o)
 .debug_macro   0x0000000000000000       0x22 /home/vivek/stm32simplified/libopencm3/lib/libopencm3_stm32f1.a(gpio_common_all.o)
 .debug_macro   0x0000000000000000       0xe8 /home/vivek/stm32simplified/libopencm3/lib/libopencm3_stm32f1.a(gpio_common_all.o)
 .debug_macro   0x0000000000000000       0x76 /home/vivek/stm32simplified/libopencm3/lib/libopencm3_stm32f1.a(gpio_common_all.o)
 .debug_macro   0x0000000000000000      0x1b4 /home/vivek/stm32simplified/libopencm3/lib/libopencm3_stm32f1.a(gpio_common_all.o)
 .debug_macro   0x0000000000000000       0x76 /home/vivek/stm32simplified/libopencm3/lib/libopencm3_stm32f1.a(gpio_common_all.o)
 .debug_macro   0x0000000000000000      0xe04 /home/vivek/stm32simplified/libopencm3/lib/libopencm3_stm32f1.a(gpio_common_all.o)
 .group         0x0000000000000000        0xc /home/vivek/stm32simplified/libopencm3/lib/libopencm3_stm32f1.a(rcc_common_all.o)
 .group         0x0000000000000000        0xc /home/vivek/stm32simplified/libopencm3/lib/libopencm3_stm32f1.a(rcc_common_all.o)
 .group         0x0000000000000000        0xc /home/vivek/stm32simplified/libopencm3/lib/libopencm3_stm32f1.a(rcc_common_all.o)
 .group         0x0000000000000000        0xc /home/vivek/stm32simplified/libopencm3/lib/libopencm3_stm32f1.a(rcc_common_all.o)
 .group         0x0000000000000000        0xc /home/vivek/stm32simplified/libopencm3/lib/libopencm3_stm32f1.a(rcc_common_all.o)
 .group         0x0000000000000000        0xc /home/vivek/stm32simplified/libopencm3/lib/libopencm3_stm32f1.a(rcc_common_all.o)
 .group         0x0000000000000000        0xc /home/vivek/stm32simplified/libopencm3/lib/libopencm3_stm32f1.a(rcc_common_all.o)
 .group         0x0000000000000000        0xc /home/vivek/stm32simplified/libopencm3/lib/libopencm3_stm32f1.a(rcc_common_all.o)
 .text          0x0000000000000000        0x0 /home/vivek/stm32simplified/libopencm3/lib/libopencm3_stm32f1.a(rcc_common_all.o)
 .data          0x0000000000000000        0x0 /home/vivek/stm32simplified/libopencm3/lib/libopencm3_stm32f1.a(rcc_common_all.o)
 .bss           0x0000000000000000        0x0 /home/vivek/stm32simplified/libopencm3/lib/libopencm3_stm32f1.a(rcc_common_all.o)
 .text.rcc_peripheral_enable_clock
                0x0000000000000000        0x8 /home/vivek/stm32simplified/libopencm3/lib/libopencm3_stm32f1.a(rcc_common_all.o)
 .text.rcc_peripheral_disable_clock
                0x0000000000000000        0xa /home/vivek/stm32simplified/libopencm3/lib/libopencm3_stm32f1.a(rcc_common_all.o)
 .text.rcc_peripheral_reset
                0x0000000000000000        0x8 /home/vivek/stm32simplified/libopencm3/lib/libopencm3_stm32f1.a(rcc_common_all.o)
 .text.rcc_peripheral_clear_reset
                0x0000000000000000        0xa /home/vivek/stm32simplified/libopencm3/lib/libopencm3_stm32f1.a(rcc_common_all.o)
 .text.rcc_periph_clock_disable
                0x0000000000000000       0x1e /home/vivek/stm32simplified/libopencm3/lib/libopencm3_stm32f1.a(rcc_common_all.o)
 .text.rcc_periph_reset_pulse
                0x0000000000000000       0x24 /home/vivek/stm32simplified/libopencm3/lib/libopencm3_stm32f1.a(rcc_common_all.o)
 .text.rcc_periph_reset_hold
                0x0000000000000000        0x4 /home/vivek/stm32simplified/libopencm3/lib/libopencm3_stm32f1.a(rcc_common_all.o)
 .text.rcc_periph_reset_release
                0x0000000000000000        0x4 /home/vivek/stm32simplified/libopencm3/lib/libopencm3_stm32f1.a(rcc_common_all.o)
 .text.rcc_set_mco
                0x0000000000000000       0x14 /home/vivek/stm32simplified/libopencm3/lib/libopencm3_stm32f1.a(rcc_common_all.o)
 .text.rcc_osc_bypass_enable
                0x0000000000000000       0x28 /home/vivek/stm32simplified/libopencm3/lib/libopencm3_stm32f1.a(rcc_common_all.o)
 .text.rcc_osc_bypass_disable
                0x0000000000000000       0x28 /home/vivek/stm32simplified/libopencm3/lib/libopencm3_stm32f1.a(rcc_common_all.o)
 .debug_macro   0x0000000000000000      0xa90 /home/vivek/stm32simplified/libopencm3/lib/libopencm3_stm32f1.a(rcc_common_all.o)
 .debug_macro   0x0000000000000000       0x1c /home/vivek/stm32simplified/libopencm3/lib/libopencm3_stm32f1.a(rcc_common_all.o)
 .debug_macro   0x0000000000000000      0x34e /home/vivek/stm32simplified/libopencm3/lib/libopencm3_stm32f1.a(rcc_common_all.o)
 .debug_macro   0x0000000000000000       0x22 /home/vivek/stm32simplified/libopencm3/lib/libopencm3_stm32f1.a(rcc_common_all.o)
 .debug_macro   0x0000000000000000       0xe8 /home/vivek/stm32simplified/libopencm3/lib/libopencm3_stm32f1.a(rcc_common_all.o)
 .debug_macro   0x0000000000000000       0x76 /home/vivek/stm32simplified/libopencm3/lib/libopencm3_stm32f1.a(rcc_common_all.o)
 .debug_macro   0x0000000000000000      0x1b4 /home/vivek/stm32simplified/libopencm3/lib/libopencm3_stm32f1.a(rcc_common_all.o)
 .group         0x0000000000000000        0xc /home/vivek/stm32simplified/libopencm3/lib/libopencm3_stm32f1.a(vector.o)
 .group         0x0000000000000000        0xc /home/vivek/stm32simplified/libopencm3/lib/libopencm3_stm32f1.a(vector.o)
 .group         0x0000000000000000        0xc /home/vivek/stm32simplified/libopencm3/lib/libopencm3_stm32f1.a(vector.o)
 .group         0x0000000000000000        0xc /home/vivek/stm32simplified/libopencm3/lib/libopencm3_stm32f1.a(vector.o)
 .group         0x0000000000000000        0xc /home/vivek/stm32simplified/libopencm3/lib/libopencm3_stm32f1.a(vector.o)
 .group         0x0000000000000000        0xc /home/vivek/stm32simplified/libopencm3/lib/libopencm3_stm32f1.a(vector.o)
 .group         0x0000000000000000        0xc /home/vivek/stm32simplified/libopencm3/lib/libopencm3_stm32f1.a(vector.o)
 .group         0x0000000000000000        0xc /home/vivek/stm32simplified/libopencm3/lib/libopencm3_stm32f1.a(vector.o)
 .group         0x0000000000000000        0xc /home/vivek/stm32simplified/libopencm3/lib/libopencm3_stm32f1.a(vector.o)
 .text          0x0000000000000000        0x0 /home/vivek/stm32simplified/libopencm3/lib/libopencm3_stm32f1.a(vector.o)
 .data          0x0000000000000000        0x0 /home/vivek/stm32simplified/libopencm3/lib/libopencm3_stm32f1.a(vector.o)
 .bss           0x0000000000000000        0x0 /home/vivek/stm32simplified/libopencm3/lib/libopencm3_stm32f1.a(vector.o)
 .debug_macro   0x0000000000000000      0xa90 /home/vivek/stm32simplified/libopencm3/lib/libopencm3_stm32f1.a(vector.o)
 .debug_macro   0x0000000000000000       0x76 /home/vivek/stm32simplified/libopencm3/lib/libopencm3_stm32f1.a(vector.o)
 .debug_macro   0x0000000000000000       0x1c /home/vivek/stm32simplified/libopencm3/lib/libopencm3_stm32f1.a(vector.o)
 .debug_macro   0x0000000000000000      0x34e /home/vivek/stm32simplified/libopencm3/lib/libopencm3_stm32f1.a(vector.o)
 .debug_macro   0x0000000000000000       0x22 /home/vivek/stm32simplified/libopencm3/lib/libopencm3_stm32f1.a(vector.o)
 .debug_macro   0x0000000000000000       0xe8 /home/vivek/stm32simplified/libopencm3/lib/libopencm3_stm32f1.a(vector.o)

Memory Configuration

Name             Origin             Length             Attributes
rom              0x0000000008000000 0x0000000000010000 xr
ram              0x0000000020000000 0x0000000000005000 xrw
*default*        0x0000000000000000 0xffffffffffffffff

Linker script and memory map

LOAD miniblink.o
START GROUP
LOAD /usr/lib/gcc/arm-none-eabi/9.2.1/../../../arm-none-eabi/lib/thumb/v7-m/nofp/libc.a
LOAD /usr/lib/gcc/arm-none-eabi/9.2.1/thumb/v7-m/nofp/libgcc.a
LOAD /usr/lib/gcc/arm-none-eabi/9.2.1/../../../arm-none-eabi/lib/thumb/v7-m/nofp/libnosys.a
END GROUP
LOAD /home/vivek/stm32simplified//rtos/libwwg/libwwg.a
LOAD /home/vivek/stm32simplified/libopencm3/lib/libopencm3_stm32f1.a
START GROUP
LOAD /usr/lib/gcc/arm-none-eabi/9.2.1/thumb/v7-m/nofp/libgcc.a
LOAD /usr/lib/gcc/arm-none-eabi/9.2.1/../../../arm-none-eabi/lib/thumb/v7-m/nofp/libc.a
END GROUP
START GROUP
LOAD /usr/lib/gcc/arm-none-eabi/9.2.1/thumb/v7-m/nofp/libgcc.a
LOAD /usr/lib/gcc/arm-none-eabi/9.2.1/../../../arm-none-eabi/lib/thumb/v7-m/nofp/libc.a
LOAD /usr/lib/gcc/arm-none-eabi/9.2.1/../../../arm-none-eabi/lib/thumb/v7-m/nofp/libnosys.a
END GROUP

.text           0x0000000008000000      0x2b4
 *(.vectors)
 .vectors       0x0000000008000000      0x150 /home/vivek/stm32simplified/libopencm3/lib/libopencm3_stm32f1.a(vector.o)
                0x0000000008000000                vector_table
 *(.text*)
 .text.startup.main
                0x0000000008000150       0x4c miniblink.o
                0x0000000008000150                main
 .text.gpio_set_mode
                0x000000000800019c       0x5e /home/vivek/stm32simplified/libopencm3/lib/libopencm3_stm32f1.a(gpio.o)
                0x000000000800019c                gpio_set_mode
 .text.gpio_set
                0x00000000080001fa        0x4 /home/vivek/stm32simplified/libopencm3/lib/libopencm3_stm32f1.a(gpio_common_all.o)
                0x00000000080001fa                gpio_set
 .text.gpio_clear
                0x00000000080001fe        0x6 /home/vivek/stm32simplified/libopencm3/lib/libopencm3_stm32f1.a(gpio_common_all.o)
                0x00000000080001fe                gpio_clear
 .text.rcc_periph_clock_enable
                0x0000000008000204       0x1c /home/vivek/stm32simplified/libopencm3/lib/libopencm3_stm32f1.a(rcc_common_all.o)
                0x0000000008000204                rcc_periph_clock_enable
 .text.blocking_handler
                0x0000000008000220        0x2 /home/vivek/stm32simplified/libopencm3/lib/libopencm3_stm32f1.a(vector.o)
                0x0000000008000220                usart3_isr
                0x0000000008000220                rtc_isr
                0x0000000008000220                tim7_isr
                0x0000000008000220                adc1_2_isr
                0x0000000008000220                tim1_trg_com_isr
                0x0000000008000220                usb_hp_can_tx_isr
                0x0000000008000220                tim6_isr
                0x0000000008000220                usb_wakeup_isr
                0x0000000008000220                blocking_handler
                0x0000000008000220                tim5_isr
                0x0000000008000220                otg_fs_isr
                0x0000000008000220                spi1_isr
                0x0000000008000220                exti2_isr
                0x0000000008000220                dma1_channel6_isr
                0x0000000008000220                can_rx1_isr
                0x0000000008000220                dma1_channel5_isr
                0x0000000008000220                dma2_channel5_isr
                0x0000000008000220                usart1_isr
                0x0000000008000220                usage_fault_handler
                0x0000000008000220                tim8_trg_com_isr
                0x0000000008000220                can2_rx0_isr
                0x0000000008000220                tim1_brk_isr
                0x0000000008000220                can2_rx1_isr
                0x0000000008000220                tim1_cc_isr
                0x0000000008000220                sdio_isr
                0x0000000008000220                eth_isr
                0x0000000008000220                dma1_channel4_isr
                0x0000000008000220                tim8_brk_isr
                0x0000000008000220                dma2_channel4_5_isr
                0x0000000008000220                pvd_isr
                0x0000000008000220                rcc_isr
                0x0000000008000220                flash_isr
                0x0000000008000220                uart4_isr
                0x0000000008000220                rtc_alarm_isr
                0x0000000008000220                exti15_10_isr
                0x0000000008000220                hard_fault_handler
                0x0000000008000220                exti1_isr
                0x0000000008000220                i2c1_ev_isr
                0x0000000008000220                dma2_channel1_isr
                0x0000000008000220                spi2_isr
                0x0000000008000220                tim8_up_isr
                0x0000000008000220                dma2_channel2_isr
                0x0000000008000220                exti3_isr
                0x0000000008000220                adc3_isr
                0x0000000008000220                tim3_isr
                0x0000000008000220                usart2_isr
                0x0000000008000220                usb_lp_can_rx0_isr
                0x0000000008000220                i2c2_er_isr
                0x0000000008000220                i2c2_ev_isr
                0x0000000008000220                uart5_isr
                0x0000000008000220                fsmc_isr
                0x0000000008000220                dma1_channel1_isr
                0x0000000008000220                exti4_isr
                0x0000000008000220                mem_manage_handler
                0x0000000008000220                can2_tx_isr
                0x0000000008000220                exti9_5_isr
                0x0000000008000220                dma2_channel3_isr
                0x0000000008000220                dma1_channel7_isr
                0x0000000008000220                tim1_up_isr
                0x0000000008000220                can2_sce_isr
                0x0000000008000220                tim4_isr
                0x0000000008000220                dma1_channel2_isr
                0x0000000008000220                i2c1_er_isr
                0x0000000008000220                can_sce_isr
                0x0000000008000220                tim8_cc_isr
                0x0000000008000220                tamper_isr
                0x0000000008000220                eth_wkup_isr
                0x0000000008000220                bus_fault_handler
                0x0000000008000220                wwdg_isr
                0x0000000008000220                dma1_channel3_isr
                0x0000000008000220                spi3_isr
                0x0000000008000220                tim2_isr
                0x0000000008000220                exti0_isr
 .text.null_handler
                0x0000000008000222        0x2 /home/vivek/stm32simplified/libopencm3/lib/libopencm3_stm32f1.a(vector.o)
                0x0000000008000222                null_handler
                0x0000000008000222                sv_call_handler
                0x0000000008000222                pend_sv_handler
                0x0000000008000222                debug_monitor_handler
                0x0000000008000222                sys_tick_handler
                0x0000000008000222                nmi_handler
 .text.reset_handler
                0x0000000008000224       0x90 /home/vivek/stm32simplified/libopencm3/lib/libopencm3_stm32f1.a(vector.o)
                0x0000000008000224                reset_handler
                0x00000000080002b4                . = ALIGN (0x4)
 *(.rodata*)
                0x00000000080002b4                . = ALIGN (0x4)

.glue_7         0x00000000080002b4        0x0
 .glue_7        0x00000000080002b4        0x0 linker stubs

.glue_7t        0x00000000080002b4        0x0
 .glue_7t       0x00000000080002b4        0x0 linker stubs

.vfp11_veneer   0x00000000080002b4        0x0
 .vfp11_veneer  0x00000000080002b4        0x0 linker stubs

.v4_bx          0x00000000080002b4        0x0
 .v4_bx         0x00000000080002b4        0x0 linker stubs

.iplt           0x00000000080002b4        0x0
 .iplt          0x00000000080002b4        0x0 miniblink.o

.rel.dyn        0x00000000080002b4        0x0
 .rel.iplt      0x00000000080002b4        0x0 miniblink.o

.preinit_array  0x00000000080002b4        0x0
                0x00000000080002b4                . = ALIGN (0x4)
                0x00000000080002b4                __preinit_array_start = .
 *(.preinit_array)
                0x00000000080002b4                __preinit_array_end = .

.init_array     0x00000000080002b4        0x0
                0x00000000080002b4                . = ALIGN (0x4)
                0x00000000080002b4                __init_array_start = .
 *(SORT_BY_NAME(.init_array.*))
 *(.init_array)
                0x00000000080002b4                __init_array_end = .

.fini_array     0x00000000080002b4        0x0
                0x00000000080002b4                . = ALIGN (0x4)
                0x00000000080002b4                __fini_array_start = .
 *(.fini_array)
 *(SORT_BY_NAME(.fini_array.*))
                0x00000000080002b4                __fini_array_end = .

.ARM.extab
 *(.ARM.extab*)

.ARM.exidx      0x00000000080002b4        0x0
                0x00000000080002b4                __exidx_start = .
 *(.ARM.exidx*)
                0x00000000080002b4                __exidx_end = .
                0x00000000080002b4                . = ALIGN (0x4)
                0x00000000080002b4                _etext = .

.data           0x0000000020000000        0x0 load address 0x00000000080002b4
                0x0000000020000000                _data = .
 *(.data*)
                0x0000000020000000                . = ALIGN (0x4)
                0x0000000020000000                _edata = .
                0x00000000080002b4                _data_loadaddr = LOADADDR (.data)

.igot.plt       0x0000000020000000        0x0 load address 0x00000000080002b4
 .igot.plt      0x0000000020000000        0x0 miniblink.o

.bss            0x0000000020000000        0x0 load address 0x00000000080002b4
 *(.bss*)
 *(COMMON)
                0x0000000020000000                . = ALIGN (0x4)
                0x0000000020000000                _ebss = .

/DISCARD/
 *(.eh_frame)
                0x0000000020000000                . = ALIGN (0x4)
                0x0000000020000000                end = .
                0x0000000020005000                PROVIDE (_stack = (ORIGIN (ram) + LENGTH (ram)))
OUTPUT(miniblink.elf elf32-littlearm)
LOAD linker stubs

.debug_info     0x0000000000000000     0x102d
 .debug_info    0x0000000000000000      0x331 miniblink.o
 .debug_info    0x0000000000000331      0x1e6 /home/vivek/stm32simplified/libopencm3/lib/libopencm3_stm32f1.a(gpio.o)
 .debug_info    0x0000000000000517      0x24e /home/vivek/stm32simplified/libopencm3/lib/libopencm3_stm32f1.a(gpio_common_all.o)
 .debug_info    0x0000000000000765      0x5f7 /home/vivek/stm32simplified/libopencm3/lib/libopencm3_stm32f1.a(rcc_common_all.o)
 .debug_info    0x0000000000000d5c      0x2d1 /home/vivek/stm32simplified/libopencm3/lib/libopencm3_stm32f1.a(vector.o)

.debug_abbrev   0x0000000000000000      0x595
 .debug_abbrev  0x0000000000000000      0x10d miniblink.o
 .debug_abbrev  0x000000000000010d       0xd0 /home/vivek/stm32simplified/libopencm3/lib/libopencm3_stm32f1.a(gpio.o)
 .debug_abbrev  0x00000000000001dd      0x116 /home/vivek/stm32simplified/libopencm3/lib/libopencm3_stm32f1.a(gpio_common_all.o)
 .debug_abbrev  0x00000000000002f3      0x15d /home/vivek/stm32simplified/libopencm3/lib/libopencm3_stm32f1.a(rcc_common_all.o)
 .debug_abbrev  0x0000000000000450      0x145 /home/vivek/stm32simplified/libopencm3/lib/libopencm3_stm32f1.a(vector.o)

.debug_loc      0x0000000000000000      0x42b
 .debug_loc     0x0000000000000000       0xa2 miniblink.o
 .debug_loc     0x00000000000000a2      0x134 /home/vivek/stm32simplified/libopencm3/lib/libopencm3_stm32f1.a(gpio.o)
 .debug_loc     0x00000000000001d6       0xbe /home/vivek/stm32simplified/libopencm3/lib/libopencm3_stm32f1.a(gpio_common_all.o)
 .debug_loc     0x0000000000000294       0x6f /home/vivek/stm32simplified/libopencm3/lib/libopencm3_stm32f1.a(rcc_common_all.o)
 .debug_loc     0x0000000000000303      0x128 /home/vivek/stm32simplified/libopencm3/lib/libopencm3_stm32f1.a(vector.o)

.debug_aranges  0x0000000000000000      0x130
 .debug_aranges
                0x0000000000000000       0x20 miniblink.o
 .debug_aranges
                0x0000000000000020       0x38 /home/vivek/stm32simplified/libopencm3/lib/libopencm3_stm32f1.a(gpio.o)
 .debug_aranges
                0x0000000000000058       0x50 /home/vivek/stm32simplified/libopencm3/lib/libopencm3_stm32f1.a(gpio_common_all.o)
 .debug_aranges
                0x00000000000000a8       0x58 /home/vivek/stm32simplified/libopencm3/lib/libopencm3_stm32f1.a(rcc_common_all.o)
 .debug_aranges
                0x0000000000000100       0x30 /home/vivek/stm32simplified/libopencm3/lib/libopencm3_stm32f1.a(vector.o)

.debug_ranges   0x0000000000000000       0xf8
 .debug_ranges  0x0000000000000000       0x28 miniblink.o
 .debug_ranges  0x0000000000000028       0x28 /home/vivek/stm32simplified/libopencm3/lib/libopencm3_stm32f1.a(gpio.o)
 .debug_ranges  0x0000000000000050       0x40 /home/vivek/stm32simplified/libopencm3/lib/libopencm3_stm32f1.a(gpio_common_all.o)
 .debug_ranges  0x0000000000000090       0x48 /home/vivek/stm32simplified/libopencm3/lib/libopencm3_stm32f1.a(rcc_common_all.o)
 .debug_ranges  0x00000000000000d8       0x20 /home/vivek/stm32simplified/libopencm3/lib/libopencm3_stm32f1.a(vector.o)

.debug_line     0x0000000000000000      0xc3b
 .debug_line    0x0000000000000000      0x1b4 miniblink.o
 .debug_line    0x00000000000001b4      0x264 /home/vivek/stm32simplified/libopencm3/lib/libopencm3_stm32f1.a(gpio.o)
 .debug_line    0x0000000000000418      0x27a /home/vivek/stm32simplified/libopencm3/lib/libopencm3_stm32f1.a(gpio_common_all.o)
 .debug_line    0x0000000000000692      0x2a4 /home/vivek/stm32simplified/libopencm3/lib/libopencm3_stm32f1.a(rcc_common_all.o)
 .debug_line    0x0000000000000936      0x305 /home/vivek/stm32simplified/libopencm3/lib/libopencm3_stm32f1.a(vector.o)

.debug_str      0x0000000000000000     0xd0c5
 .debug_str     0x0000000000000000      0x3bf miniblink.o
                                        0x448 (size before relaxing)
 .debug_str     0x00000000000003bf     0x8042 /home/vivek/stm32simplified/libopencm3/lib/libopencm3_stm32f1.a(gpio.o)
                                       0x81c1 (size before relaxing)
 .debug_str     0x0000000000008401       0x6c /home/vivek/stm32simplified/libopencm3/lib/libopencm3_stm32f1.a(gpio_common_all.o)
                                       0x81bf (size before relaxing)
 .debug_str     0x000000000000846d     0x27cd /home/vivek/stm32simplified/libopencm3/lib/libopencm3_stm32f1.a(rcc_common_all.o)
                                       0x73df (size before relaxing)
 .debug_str     0x000000000000ac3a     0x248b /home/vivek/stm32simplified/libopencm3/lib/libopencm3_stm32f1.a(vector.o)
                                       0x629f (size before relaxing)

.comment        0x0000000000000000       0x59
 .comment       0x0000000000000000       0x59 miniblink.o
                                         0x5a (size before relaxing)
 .comment       0x0000000000000059       0x5a /home/vivek/stm32simplified/libopencm3/lib/libopencm3_stm32f1.a(gpio.o)
 .comment       0x0000000000000059       0x5a /home/vivek/stm32simplified/libopencm3/lib/libopencm3_stm32f1.a(gpio_common_all.o)
 .comment       0x0000000000000059       0x5a /home/vivek/stm32simplified/libopencm3/lib/libopencm3_stm32f1.a(rcc_common_all.o)
 .comment       0x0000000000000059       0x5a /home/vivek/stm32simplified/libopencm3/lib/libopencm3_stm32f1.a(vector.o)

.ARM.attributes
                0x0000000000000000       0x2d
 .ARM.attributes
                0x0000000000000000       0x2d miniblink.o
 .ARM.attributes
                0x000000000000002d       0x2d /home/vivek/stm32simplified/libopencm3/lib/libopencm3_stm32f1.a(gpio.o)
 .ARM.attributes
                0x000000000000005a       0x2d /home/vivek/stm32simplified/libopencm3/lib/libopencm3_stm32f1.a(gpio_common_all.o)
 .ARM.attributes
                0x0000000000000087       0x2d /home/vivek/stm32simplified/libopencm3/lib/libopencm3_stm32f1.a(rcc_common_all.o)
 .ARM.attributes
                0x00000000000000b4       0x2d /home/vivek/stm32simplified/libopencm3/lib/libopencm3_stm32f1.a(vector.o)

.debug_frame    0x0000000000000000      0x224
 .debug_frame   0x0000000000000000       0x28 miniblink.o
 .debug_frame   0x0000000000000028       0x60 /home/vivek/stm32simplified/libopencm3/lib/libopencm3_stm32f1.a(gpio.o)
 .debug_frame   0x0000000000000088       0x80 /home/vivek/stm32simplified/libopencm3/lib/libopencm3_stm32f1.a(gpio_common_all.o)
 .debug_frame   0x0000000000000108       0xd0 /home/vivek/stm32simplified/libopencm3/lib/libopencm3_stm32f1.a(rcc_common_all.o)
 .debug_frame   0x00000000000001d8       0x4c /home/vivek/stm32simplified/libopencm3/lib/libopencm3_stm32f1.a(vector.o)

.debug_macro    0x0000000000000000     0x2f62
 .debug_macro   0x0000000000000000       0x6f /home/vivek/stm32simplified/libopencm3/lib/libopencm3_stm32f1.a(gpio.o)
 .debug_macro   0x000000000000006f      0xa90 /home/vivek/stm32simplified/libopencm3/lib/libopencm3_stm32f1.a(gpio.o)
 .debug_macro   0x0000000000000aff       0x1c /home/vivek/stm32simplified/libopencm3/lib/libopencm3_stm32f1.a(gpio.o)
 .debug_macro   0x0000000000000b1b      0x34e /home/vivek/stm32simplified/libopencm3/lib/libopencm3_stm32f1.a(gpio.o)
 .debug_macro   0x0000000000000e69       0x22 /home/vivek/stm32simplified/libopencm3/lib/libopencm3_stm32f1.a(gpio.o)
 .debug_macro   0x0000000000000e8b       0xe8 /home/vivek/stm32simplified/libopencm3/lib/libopencm3_stm32f1.a(gpio.o)
 .debug_macro   0x0000000000000f73       0x76 /home/vivek/stm32simplified/libopencm3/lib/libopencm3_stm32f1.a(gpio.o)
 .debug_macro   0x0000000000000fe9      0x1b4 /home/vivek/stm32simplified/libopencm3/lib/libopencm3_stm32f1.a(gpio.o)
 .debug_macro   0x000000000000119d       0x76 /home/vivek/stm32simplified/libopencm3/lib/libopencm3_stm32f1.a(gpio.o)
 .debug_macro   0x0000000000001213      0xe04 /home/vivek/stm32simplified/libopencm3/lib/libopencm3_stm32f1.a(gpio.o)
 .debug_macro   0x0000000000002017       0x6f /home/vivek/stm32simplified/libopencm3/lib/libopencm3_stm32f1.a(gpio_common_all.o)
 .debug_macro   0x0000000000002086       0x85 /home/vivek/stm32simplified/libopencm3/lib/libopencm3_stm32f1.a(rcc_common_all.o)
 .debug_macro   0x000000000000210b      0x82c /home/vivek/stm32simplified/libopencm3/lib/libopencm3_stm32f1.a(rcc_common_all.o)
 .debug_macro   0x0000000000002937       0x86 /home/vivek/stm32simplified/libopencm3/lib/libopencm3_stm32f1.a(vector.o)
 .debug_macro   0x00000000000029bd      0x395 /home/vivek/stm32simplified/libopencm3/lib/libopencm3_stm32f1.a(vector.o)
 .debug_macro   0x0000000000002d52       0x6e /home/vivek/stm32simplified/libopencm3/lib/libopencm3_stm32f1.a(vector.o)
 .debug_macro   0x0000000000002dc0      0x1a2 /home/vivek/stm32simplified/libopencm3/lib/libopencm3_stm32f1.a(vector.o)
